// Vitest Snapshot v1, https://vitest.dev/guide/snapshot.html

exports[`#118 and #124 snippets 1`] = `
[
  {
    "query": "тариф",
    "results": [
      {
        "excerpt": "К подаче документов по спору о тарифе подключились почти 300 человек. Юрист начал проверку регистрационных данных и удаление дублей. После завершения проверки зарегистрированным начнут приходить бланки на почту. Регистрация в",
        "highlights": [
          "тарифе",
        ],
        "section": "Новости",
        "title": "Регистрация по спору о тарифе закрыта",
        "url": "/news/2026/06/tariff-appeal-registration-check/",
      },
      {
        "excerpt": "По сообщению межпоселковой инициативной группы, в чате «Соседи без ОК» открыли сбор для жителей, которые готовы оспаривать новый тариф ОК. Все реквизиты и пояснения собраны там же, в ветке «Главная».",
        "highlights": [
          "тариф",
        ],
        "section": "Новости",
        "title": "В «Соседях без ОК» собирают средства на спор по тарифу",
        "url": "/news/2026/06/ok-tariff-appeal-fund/",
      },
      {
        "excerpt": "Участникам подачи документов по спору о тарифе нужно до 30 июня включительно отправить юристу электронный пакет документов. Сейчас документы пришли едва ли от половины заявителей. Чем раньше участники пришлют файлы,",
        "highlights": [
          "тарифе",
        ],
        "section": "Новости",
        "title": "Документы по спору о тарифе: электронно до 30 июня, оригиналы до 10 июля",
        "url": "/news/2026/06/tariff-appeal-originals-deadline/",
      },
      {
        "excerpt": "До конца 8 июня всем, кто подает документы по спору о тарифе, нужно пройти регистрацию на сайте. Ссылка на сайт указана в перечне документов. 🔥 С 9 июня юрист начнет",
        "highlights": [
          "тарифе,",
        ],
        "section": "Новости",
        "title": "До конца 8 июня нужно зарегистрироваться для спора по тарифу",
        "url": "/news/2026/06/tariff-appeal-registration-deadline/",
      },
      {
        "excerpt": "Сбор средств на спор по тарифу закрыт. Присоединиться к нему уже нельзя. Если вы уже взяли документы из чата «Соседи без ОК» и готовите пакет самостоятельно, все равно нужно отметиться:",
        "highlights": [
          "тарифу",
        ],
        "section": "Новости",
        "title": "Регистрация для спора по тарифу открыта до 8 июня",
        "url": "/news/2026/06/tariff-appeal-registration/",
      },
      {
        "excerpt": "Разделы сметы. В строках главным числом показан вклад в тариф. Годовые суммы оставлены в деталях и источниках, чтобы можно было свериться с PDF.",
        "highlights": [
          "тариф.",
        ],
        "section": "Регламент",
        "title": "Калькулятор тарифа по смете 2026",
        "url": "/815/regulation/#estimate-sections-title",
      },
      {
        "excerpt": "Это не спор о формате: спору о формате удобно, но нечестно. ОК пришла обсуждать тариф и регламент — тот самый документ, который согласилась разбирать с жителями. А уже на месте поставила условие: разговариваем только без",
        "highlights": [
          "тариф",
        ],
        "section": "Новости",
        "title": "ОК отказалась говорить с жителями под запись",
        "url": "/news/2026/06/ok-meeting-recording-ban/#это-не-спор-о-формате",
      },
      {
        "excerpt": "Всем привет, ОК согласились на встречу по обсуждению регламента. Мы бы хотели обсудить регламент, исправление счетов, которые ошибочно выставляются по цене 815 ₽ за сотку, и регулярный пересмотр тарифа путем",
        "highlights": [
          "тарифа",
        ],
        "section": "Новости",
        "title": "ОК согласились на встречу по обсуждению регламента",
        "url": "/news/2026/04/ok-meeting-regulation/",
      },
    ],
    "total": 28,
  },
  {
    "query": "сроки благоустройства октябрь",
    "results": [
      {
        "excerpt": "Еще один срок вместо результата: один срок вместо результата. Большие строительные работы действительно могут сдвигаться. Но после конкретных обещаний в феврале, плана с датами и уже просроченных июльских пунктов фраза «точные сроки сообщим позже» звучит",
        "highlights": [
          "срок",
          "сроки",
        ],
        "section": "Новости",
        "title": "Сроки благоустройства снова сдвинули: теперь до конца октября",
        "url": "/news/2026/08/improvement-deadline-october/#еще-один-срок-вместо-результата",
      },
      {
        "excerpt": "Октябрь. Построить дамбу через Лопасню: завершить работы по гидроизоляции модулей и защите от влаги. Срок: до 1 октября. Ответственный: Игорь Андрейчук. Запустить второй этап водозаборного узла в Шелково Форесте: выполнить",
        "highlights": [
          "Октябрь.",
          "Срок:",
          "октября.",
        ],
        "section": "База знаний",
        "title": "План развития Шелково на 2026 год",
        "url": "/kb/ok/development-plan-2026/#октябрь",
      },
      {
        "excerpt": "Один срок уже сорван прямо в новом отчёте. Спортивные площадки в Ривере по плану должны быть готовы до 15 августа. Теперь ОК пишет, что только монтаж оборудования начнётся в сентябре.",
        "highlights": [
          "срок",
        ],
        "section": "Новости",
        "title": "ОК признала просрочки, но исправленного плана так и не дала",
        "url": "/news/2026/08/no-corrected-improvement-plan/#один-срок-уже-сорван-прямо-в-новом-отчёте",
      },
      {
        "excerpt": "Место хорошее, но обещанная инфраструктура до сих пор не готова: план развития поселков с объектами, ответственными и сроками. К августу часть первых сроков уже прошла, а общий ориентир завершения благоустройства сдвинулся до конца октября. По состоянию на 10 августа 2026",
        "highlights": [
          "сроками.",
          "сроков",
          "благоустройства",
          "октября.",
        ],
        "section": "Отзывы",
        "title": "Почему я не рекомендую покупать участок в Шелково",
        "url": "/reviews/2026-08-10-why-i-do-not-recommend-shelkovo/#место-хорошее-но-обещанная-инфраструктура-до-сих-пор-не-готова",
      },
      {
        "excerpt": "5. Стоимость услуг (работ) и порядок расчетов: считается нарушившим условия оплаты, и с момента истечения срока оплаты, установленного п. 5.3 настоящего Договора, до момента погашения Клиентом суммы недоплаты, начинает исчисляться срок просрочки оплаты. 5.9. Клиент, несвоевременно и/или",
        "highlights": [
          "срока",
          "срок",
        ],
        "section": "База знаний",
        "title": "Публичная оферта - Шелково Парк",
        "url": "/kb/ok/offer/shelkovo-park/#5-стоимость-услуг-работ-и-порядок-расчетов",
      },
      {
        "excerpt": "5. Стоимость услуг (работ) и порядок расчетов: считается нарушившим условия оплаты, и с момента истечения срока оплаты, установленного п. 5.3 настоящего Договора, до момента погашения Клиентом суммы недоплаты, начинает исчисляться срок просрочки оплаты. 5.9. Клиент, несвоевременно и/или",
        "highlights": [
          "срока",
          "срок",
        ],
        "section": "База знаний",
        "title": "Публичная оферта - Шелково Ривер",
        "url": "/kb/ok/offer/shelkovo-river/#5-стоимость-услуг-работ-и-порядок-расчетов",
      },
      {
        "excerpt": "5. Стоимость услуг (работ) и порядок расчетов: считается нарушившим условия оплаты, и с момента истечения срока оплаты, установленного п. 5.3 настоящего Договора, до момента погашения Клиентом суммы недоплаты, начинает исчисляться срок просрочки оплаты. 5.9. Клиент, несвоевременно и/или",
        "highlights": [
          "срока",
          "срок",
        ],
        "section": "База знаний",
        "title": "Публичная оферта - Шелково Вилладж",
        "url": "/kb/ok/offer/shelkovo-village/#5-стоимость-услуг-работ-и-порядок-расчетов",
      },
      {
        "excerpt": "5. Стоимость услуг (работ) и порядок расчетов: считается нарушившим условия оплаты, и с момента истечения срока оплаты, установленного п. 5.3 настоящего Договора, до момента погашения Клиентом суммы недоплаты, начинает исчисляться срок просрочки оплаты. 5.9. Клиент, несвоевременно и/или",
        "highlights": [
          "срока",
          "срок",
        ],
        "section": "База знаний",
        "title": "Публичная оферта - Шелково Вилладж (VIP - лит G и F)",
        "url": "/kb/ok/offer/shelkovo-village-vip-lit-g-f/#5-стоимость-услуг-работ-и-порядок-расчетов",
      },
    ],
    "total": 10,
  },
  {
    "query": "отчет ок за июль",
    "results": [
      {
        "excerpt": "Регулярные работы. Во всех поселках сотрудники ОК: вывозили мусор; круглосуточно контролировали въезд и выезд; обслуживали шлагбаумы, откатные и распашные ворота; чистили дороги; косили траву; ежедневно патрулировали территорию группой быстрого реагирования;",
        "highlights": [
          "ОК:",
        ],
        "section": "Новости",
        "title": "Отчет ОК Комфорт за июль",
        "url": "/news/2026/08/july-report/#регулярные-работы",
      },
      {
        "excerpt": "Что сообщила ОК: сообщила ОК. Лесной парк в Форесте: территорию расчистили от поваленных деревьев и веток, собрали 230 метров деревянного настила. Лавочки обещают поставить до конца недели. Лес в Ривере: расчистили территорию возле",
        "highlights": [
          "ОК.",
        ],
        "section": "Новости",
        "title": "ОК признала просрочки, но исправленного плана так и не дала",
        "url": "/news/2026/08/no-corrected-improvement-plan/#что-сообщила-ок",
      },
      {
        "excerpt": "Октябрь. Построить дамбу через Лопасню: завершить работы по гидроизоляции модулей и защите от влаги. Срок: до 1 октября. Ответственный: Игорь Андрейчук. Запустить второй этап водозаборного узла в Шелково Форесте: выполнить",
        "highlights": [
          "Октябрь.",
          "завершить",
          "защите",
          "октября.",
          "Запустить",
        ],
        "section": "База знаний",
        "title": "План развития Шелково на 2026 год",
        "url": "/kb/ok/development-plan-2026/#октябрь",
      },
      {
        "excerpt": "Водоемы и зоны отдыха: на 2026 год). Продолжили обустраивать пляжную территорию (по плану на 2026 год ее обещают закончить до 31 июля).",
        "highlights": [
          "закончить",
          "июля).",
        ],
        "section": "Новости",
        "title": "Отчет ОК Комфорт за июнь",
        "url": "/news/2026/07/june-report/#водоемы-и-зоны-отдыха",
      },
      {
        "excerpt": "Что увидели на месте: площадке с чашей водоема. Воды в чаше немного, большая её часть заросла травой. Обустройство самого озера пока остается в плане ОК Комфорт на 2026 год: сформировать чашу, укрепить и озеленить",
        "highlights": [
          "заросла",
          "ОК",
        ],
        "section": "Новости",
        "title": "В Ривере отсыпали тропу в сторону лесного озера",
        "url": "/news/2026/07/forest-lake-path/#что-увидели-на-месте",
      },
      {
        "excerpt": "Юрий Кизилов в 00:26:20: и за то направление, и за другое направление. Так вот, тематика, связанная с платежами, она никаким образом не пересекается с другими бизнес-направлениями априори. Те денежные средства, которые мы получаем за",
        "highlights": [
          "за",
        ],
        "section": "Встречи",
        "title": "Встреча жителей Шелково с ОК Комфорт",
        "url": "/meetings/2026-02-21-ok/#t-00-26-20",
      },
    ],
    "total": 6,
  },
  {
    "query": "ограждение площадки форест",
    "results": [
      {
        "excerpt": "ОК Комфорт сообщает, что в КП Шелково Форест началась установка ограждения на детской площадке. Ограждение должно отделить игровую зону от проезжей части и снизить риск, что дети выбегут на дорогу",
        "highlights": [
          "Форест",
          "ограждения",
          "площадке.",
          "Ограждение",
        ],
        "section": "Новости",
        "title": "В Форесте ограждают детскую площадку",
        "url": "/news/2026/06/forest-playground-fence/",
      },
      {
        "excerpt": "Детские и спортивные площадки: и спортивные площадки. В Ривере обновили детскую площадку: сделали новое песочное основание и дренаж, засеяли газон, поставили лавочки и урны (✅ этим выполнили один из пунктов плана на 2026 год).",
        "highlights": [
          "площадки.",
          "площадку:",
        ],
        "section": "Новости",
        "title": "Отчет ОК Комфорт за июнь",
        "url": "/news/2026/07/june-report/#детские-и-спортивные-площадки",
      },
      {
        "excerpt": "Дороги, безопасность и дамба: на дорогах. В Ривере продолжили готовиться к монтажу дамбы и завезли железобетонные конструкции. В Форесте отремонтировали периметральное ограждение.",
        "highlights": [
          "Форесте",
          "ограждение.",
        ],
        "section": "Новости",
        "title": "Отчет ОК Комфорт за июль",
        "url": "/news/2026/08/july-report/#дороги-безопасность-и-дамба",
      },
      {
        "excerpt": "Контейнерная площадка. Категория: Дороги и тротуары. Единица измерения: м². Количество по поселкам: Шелково Вилладж: 36; Шелково Форест: -; Шелково Парк: -; Шелково Ривер: -; всего: 36.",
        "highlights": [
          "площадка.",
          "Форест:",
        ],
        "section": "Регламент",
        "title": "Что входит в общее имущество",
        "url": "/815/regulation/assets/#reglament-asset-roads-container-site",
      },
      {
        "excerpt": "Первый этап ВЗУ в Шелково Форесте: в Шелково Форесте. Временно подключить скважину первого подъема, чтобы поднять давление. Срок: до 31 мая. Ответственный: Кирилл Щемелинин. Ход работ: 31 мая: скважину запустили на промывку. 11 июня: Шелково Форест",
        "highlights": [
          "Форесте.",
          "Форест",
        ],
        "section": "База знаний",
        "title": "План развития Шелково на 2026 год",
        "url": "/kb/ok/development-plan-2026/#первый-этап-взу-в-шелково-форесте",
      },
      {
        "excerpt": "Что успели сделать по плану: обычная тропа; благоустроили детскую площадку в Ривере, но вместо обещанного безопасного покрытия оставили песок. Еще пять пунктов уже находятся в разделе «Просрочено»: первый этап ВЗУ в Форесте, расчистка леса и",
        "highlights": [
          "площадку",
          "Форесте,",
        ],
        "section": "Новости",
        "title": "Сроки благоустройства снова сдвинули: теперь до конца октября",
        "url": "/news/2026/08/improvement-deadline-october/#что-успели-сделать-по-плану",
      },
      {
        "excerpt": "другие посёлки: площадки, пляж, теннис, сквош, дорожки, асфальт. В Шелково участок был в посёлке на начальной стадии, хотя этому посёлку ровно столько же лет, как и соседнему Грин Форесту, однако",
        "highlights": [
          "площадки,",
          "Форесту,",
        ],
        "section": "Отзывы",
        "title": "Виды всё пересилили. А потом начались сюрпризы",
        "url": "/reviews/2026-08-11-think-before-buying/",
      },
      {
        "excerpt": "Приложение № 4: Технические Условия по устройству ограждения участка в КП «Shelkovo Forest»: Технические Условия по устройству ограждения участка в КП «Shelkovo Forest» ОБЯЗАТЕЛЬНЫМ УСЛОВИЕМ ЯВЛЯЕТСЯ УТОЧНЕНИЕ КАДАСТРОВЫХ ГРАНИЦ И ТОЧЕК ПЕРЕД ЗАКЛЮЧЕНИЕМ ДОГОВОРА. Ограждение выполняется в единой стилистике поселка в строгом соответствии",
        "highlights": [
          "ограждения",
          "Ограждение",
        ],
        "section": "База знаний",
        "title": "Публичная оферта - Шелково Форест (VIP - лит V)",
        "url": "/kb/ok/offer/shelkovo-forest-vip-lit-v/#приложение-4-технические-условия-по-устройству-ограждения-участка-в-кп-shelkovo-forest",
      },
    ],
    "total": 10,
  },
  {
    "query": "документы юрист тариф",
    "results": [
      {
        "excerpt": "Оригиналы бланков: вы получили от юриста. Остальные документы распечатывать не нужно. На каждом из трех бланков должны быть: ваша подпись; галочки на расписке. Пустые поля не заполняйте: их заполнит юрист.",
        "highlights": [
          "юриста.",
          "документы",
          "юрист.",
        ],
        "section": "Новости",
        "title": "Документы по спору о тарифе: электронно до 30 июня, оригиналы до 10 июля",
        "url": "/news/2026/06/tariff-appeal-originals-deadline/#оригиналы-бланков",
      },
      {
        "excerpt": "@coloristka_me. В ответ пришлем список документов и короткие пояснения. Если есть спорный вопрос, его тоже можно передать юристу через этот контакт, но сначала, пожалуйста, посмотрите список документов, пояснения и ветку",
        "highlights": [
          "документов",
          "юристу",
          "документов,",
        ],
        "section": "Новости",
        "title": "Собираем данные и чеки для юриста",
        "url": "/news/2026/06/tariff-appeal-documents/",
      },
      {
        "excerpt": "подаче документов по спору о тарифе подключились почти 300 человек. Юрист начал проверку регистрационных данных и удаление дублей. После завершения проверки зарегистрированным начнут приходить бланки на почту. Регистрация в текущую",
        "highlights": [
          "документов",
          "тарифе",
          "Юрист",
        ],
        "section": "Новости",
        "title": "Регистрация по спору о тарифе закрыта",
        "url": "/news/2026/06/tariff-appeal-registration-check/",
      },
      {
        "excerpt": "Дополнения и частые вопросы: времени не нужно собрать весь пакет документов: сначала регистрация, затем сбор документов. Если вы зарегистрировались, но еще не получили бланки от юриста, не переживайте. Юрист обещал сделать массовую рассылку после",
        "highlights": [
          "документов:",
          "документов.",
          "юриста,",
          "Юрист",
        ],
        "section": "Новости",
        "title": "Регистрация для спора по тарифу открыта до 8 июня",
        "url": "/news/2026/06/tariff-appeal-registration/#дополнения-и-частые-вопросы",
      },
      {
        "excerpt": "Как заполнить адрес: в которых уверены. Главное — не ошибиться в личных данных. Все, что связано с участком, юрист будет проверять по ЕГРН или кадастру.",
        "highlights": [
          "юрист",
        ],
        "section": "Новости",
        "title": "До конца 8 июня нужно зарегистрироваться для спора по тарифу",
        "url": "/news/2026/06/tariff-appeal-registration-deadline/#как-заполнить-адрес",
      },
      {
        "excerpt": "Обслуживание не соответствует даже прежнему тарифу: соответствует даже прежнему тарифу. После покупки нам дали полгода каникул от платежей за обслуживание. Мы занимались стройкой и почти не думали об эксплуатации поселка. Первые платежи составляли около 500 ₽",
        "highlights": [
          "тарифу.",
        ],
        "section": "Отзывы",
        "title": "Почему я не рекомендую покупать участок в Шелково",
        "url": "/reviews/2026-08-10-why-i-do-not-recommend-shelkovo/#обслуживание-не-соответствует-даже-прежнему-тарифу",
      },
      {
        "excerpt": "Почему текущая модель тоже не без риска: договоры, документы по общему имуществу и причины аварий, они зависят не от правил, а от доброй воли конкретных людей. Похожая история с регламентом. Сейчас ОК Комфорт показывает жителям большой документ",
        "highlights": [
          "документы",
          "документ",
        ],
        "section": "База знаний",
        "title": "ТСН без страшилок",
        "url": "/kb/tsn/manipulations/#почему-текущая-модель-тоже-не-без-риска",
      },
      {
        "excerpt": "Если деньги уже списали: отмены приказа отдельно разбираются, как остановить исполнение и вернуть уже взысканные деньги. Тут лучше показать документы юристу или хотя бы не отправлять заявления вслепую.",
        "highlights": [
          "документы",
          "юристу",
        ],
        "section": "База знаний",
        "title": "Судебный приказ по долгу за обслуживание",
        "url": "/kb/court/order-debt/#если-деньги-уже-списали",
      },
    ],
    "total": 9,
  },
  {
    "query": "асфальт форест",
    "results": [
      {
        "excerpt": "Фото. Щебеночное основание дороги в Форесте. Фото: ОК Комфорт. Обновленное покрытие деревянных элементов детской площадки в Ривере. Фото: ОК Комфорт. Новый знак «Тупик» у участка S57 в Ривере. Фото: ОК",
        "highlights": [
          "Форесте.",
        ],
        "section": "Новости",
        "title": "Новости благоустройства в посёлке",
        "url": "/news/2026/08/forest-roads-river-updates/#news-photos",
      },
      {
        "excerpt": "Что сообщила ОК: строительным работам. Дороги в Форесте: под асфальт подготовили 1 600 м² основания. Укладку покрытия планируют начать в конце августа или начале сентября, если позволит погода. ВЗУ в Форесте: после проблем",
        "highlights": [
          "Форесте:",
          "асфальт",
        ],
        "section": "Новости",
        "title": "ОК признала просрочки, но исправленного плана так и не дала",
        "url": "/news/2026/08/no-corrected-improvement-plan/#что-сообщила-ок",
      },
      {
        "excerpt": "Что успели сделать по плану: железобетонные конструкции. 4 августа ОК сообщала только о подготовке дорог в Форесте к асфальтированию, не называя улицы и дату укладки асфальта.",
        "highlights": [
          "Форесте",
          "асфальтированию,",
          "асфальта.",
        ],
        "section": "Новости",
        "title": "Сроки благоустройства снова сдвинули: теперь до конца октября",
        "url": "/news/2026/08/improvement-deadline-october/#что-успели-сделать-по-плану",
      },
      {
        "excerpt": "Дороги (асфальт). Категория: Дороги и тротуары. Единица измерения: м². Количество по поселкам: Шелково Вилладж: 4 785; Шелково Форест: 2 750; Шелково Парк: 5 000; Шелково Ривер: 625; всего: 13 160.",
        "highlights": [
          "(асфальт).",
          "Форест:",
        ],
        "section": "Регламент",
        "title": "Что входит в общее имущество",
        "url": "/815/regulation/assets/#reglament-asset-roads-asphalt",
      },
      {
        "excerpt": "Место хорошее, но обещанная инфраструктура до сих пор не готова: могу сказать, что группа компаний совсем ничего не делает. Гринвуд и Грин Форест выглядят достойно (при этом Грин Форест — ровесник нашего Шелково): там есть инфраструктура и видно благоустройство. Отдельные",
        "highlights": [
          "Форест",
        ],
        "section": "Отзывы",
        "title": "Почему я не рекомендую покупать участок в Шелково",
        "url": "/reviews/2026-08-10-why-i-do-not-recommend-shelkovo/#место-хорошее-но-обещанная-инфраструктура-до-сих-пор-не-готова",
      },
      {
        "excerpt": "площадки, пляж, теннис, сквош, дорожки, асфальт. В Шелково участок был в посёлке на начальной стадии, хотя этому посёлку ровно столько же лет, как и соседнему Грин Форесту, однако это небо",
        "highlights": [
          "асфальт.",
          "Форесту,",
        ],
        "section": "Отзывы",
        "title": "Виды всё пересилили. А потом начались сюрпризы",
        "url": "/reviews/2026-08-11-think-before-buying/",
      },
      {
        "excerpt": "Юрий Кизилов в 00:18:25: том, что, опять возвращаясь к тематике Greenwood, раньше мы асфальт никогда не строили. Соответственно, мы строили асфальтовую крошку, а денежные средства на асфальт уже собирали с собственников. Это было понятно",
        "highlights": [
          "асфальт",
          "асфальтовую",
        ],
        "section": "Встречи",
        "title": "Встреча жителей Шелково с ОК Комфорт",
        "url": "/meetings/2026-02-21-ok/#t-00-18-25",
      },
      {
        "excerpt": "Приложение № 5: Технические Условия на организацию въездной группы: мм. Стандартный размер парковки 5500×6000 мм. ТЕХНОЛОГИЯ СТРОИТЕЛЬСТВА ВЪЕЗДНОЙ ГРУППЫ. 2,5 м. 2 см — асфальтная крошка. Щебень 20/40. Щебень 40/70. 5 см. 10 см. Песок. 20 см. 7 см",
        "highlights": [
          "асфальтная",
        ],
        "section": "База знаний",
        "title": "Публичная оферта - Шелково Форест (VIP - лит V)",
        "url": "/kb/ok/offer/shelkovo-forest-vip-lit-v/#приложение-5-технические-условия-на-организацию-въездной-группы",
      },
    ],
    "total": 9,
  },
]
`;

exports[`#121 short queries 1`] = `
[
  {
    "query": "еда",
    "results": [
      {
        "excerpt": "Темы новости: еда, отдых.",
        "highlights": [],
        "section": "Новости",
        "title": "В поселке заработал фудтрак с едой и напитками",
        "url": "/news/2026/07/food-truck/",
      },
      {
        "excerpt": "Екатерина в 00:24:16: все заплатили. Но сейчас очень удобно. И я вижу, что нам не проехать, а мы едем на все выходные, едем. До этого с мужем ездили одни, а вчера ехали с",
        "highlights": [
          "едем",
        ],
        "section": "Встречи",
        "title": "Встреча жителей Шелково с ОК Комфорт",
        "url": "/meetings/2026-02-21-ok/#t-00-24-16",
      },
    ],
    "total": 2,
  },
  {
    "query": "подать в суд тариф",
    "results": [
      {
        "excerpt": "Что сделать сразу: ФССП и сайт судебного участка по адресу регистрации или адресу из договора. Запишите главное: какой суд вынес приказ, номер дела, дату приказа, взыскателя и сумму. Подайте возражения мировому судье, который",
        "highlights": [
          "судебного",
          "суд",
          "Подайте",
          "судье,",
        ],
        "section": "База знаний",
        "title": "Судебный приказ по долгу за обслуживание",
        "url": "/kb/court/order-debt/#что-сделать-сразу",
      },
      {
        "excerpt": "зарегистрированным начнут приходить бланки на почту. Регистрация в текущую подачу закрыта, внести деньги в этот сбор уже нельзя. Для отдельной подачи в суд ищите единомышленников и объединяйтесь. Инициативная группа поможет",
        "highlights": [
          "подачу",
          "подачи",
          "суд",
        ],
        "section": "Новости",
        "title": "Регистрация по спору о тарифе закрыта",
        "url": "/news/2026/06/tariff-appeal-registration-check/",
      },
      {
        "excerpt": "Юрий Кизилов в 01:15:26: при тарифе. Вот важный момент, уважаемые собственники. Нет задачи верить. Я просто расскажу, потому что я этой цифрой владею. Но вы мне по-любому сегодня не поверите. Так вот, смотрите. Тариф",
        "highlights": [
          "тарифе.",
          "Тариф",
        ],
        "section": "Встречи",
        "title": "Встреча жителей Шелково с ОК Комфорт",
        "url": "/meetings/2026-02-21-ok/#t-01-15-26",
      },
      {
        "excerpt": "5. Стоимость услуг (работ) и порядок расчетов: 5.6. Оплата водопотребления является самостоятельной частью платежа. Оплата производится по тарифу, действующему на момент оплаты (Распоряжение Комитета по ценам и тарифам Московской области № 372-Р от 19.12.2025 года) и составляет",
        "highlights": [
          "тарифу,",
          "тарифам",
        ],
        "section": "База знаний",
        "title": "Публичная оферта - Шелково Парк",
        "url": "/kb/ok/offer/shelkovo-park/#5-стоимость-услуг-работ-и-порядок-расчетов",
      },
      {
        "excerpt": "5. Стоимость услуг (работ) и порядок расчетов: 5.6. Оплата водопотребления является самостоятельной частью платежа. Оплата производится по тарифу, действующему на момент оплаты (Распоряжение Комитета по ценам и тарифам Московской области № 372-Р от 19.12.2025 года) и составляет",
        "highlights": [
          "тарифу,",
          "тарифам",
        ],
        "section": "База знаний",
        "title": "Публичная оферта - Шелково Ривер",
        "url": "/kb/ok/offer/shelkovo-river/#5-стоимость-услуг-работ-и-порядок-расчетов",
      },
      {
        "excerpt": "5. Стоимость услуг (работ) и порядок расчетов: 5.6. Оплата водопотребления является самостоятельной частью платежа. Оплата производится по тарифу, действующему на момент оплаты (Распоряжение Комитета по ценам и тарифам Московской области № 372-Р от 19.12.2025 года) и составляет",
        "highlights": [
          "тарифу,",
          "тарифам",
        ],
        "section": "База знаний",
        "title": "Публичная оферта - Шелково Вилладж",
        "url": "/kb/ok/offer/shelkovo-village/#5-стоимость-услуг-работ-и-порядок-расчетов",
      },
      {
        "excerpt": "5. Стоимость услуг (работ) и порядок расчетов: 5.6. Оплата водопотребления является самостоятельной частью платежа. Оплата производится по тарифу, действующему на момент оплаты (Распоряжение Комитета по ценам и тарифам Московской области № 372-Р от 19.12.2025 года) и составляет",
        "highlights": [
          "тарифу,",
          "тарифам",
        ],
        "section": "База знаний",
        "title": "Публичная оферта - Шелково Вилладж (VIP - лит G и F)",
        "url": "/kb/ok/offer/shelkovo-village-vip-lit-g-f/#5-стоимость-услуг-работ-и-порядок-расчетов",
      },
      {
        "excerpt": "5. Стоимость услуг (работ) и порядок расчетов: 5.6. Оплата водопотребления является самостоятельной частью платежа. Оплата производится по тарифу, действующему на момент оплаты (Распоряжение Комитета по ценам и тарифам Московской области № 372-Р от 19.12.2025 года) и составляет",
        "highlights": [
          "тарифу,",
          "тарифам",
        ],
        "section": "База знаний",
        "title": "Публичная оферта - Шелково Форест (VIP - лит V)",
        "url": "/kb/ok/offer/shelkovo-forest-vip-lit-v/#5-стоимость-услуг-работ-и-порядок-расчетов",
      },
    ],
    "total": 9,
  },
  {
    "query": "подать суд тариф",
    "results": [
      {
        "excerpt": "Что сделать сразу: ФССП и сайт судебного участка по адресу регистрации или адресу из договора. Запишите главное: какой суд вынес приказ, номер дела, дату приказа, взыскателя и сумму. Подайте возражения мировому судье, который",
        "highlights": [
          "судебного",
          "суд",
          "Подайте",
          "судье,",
        ],
        "section": "База знаний",
        "title": "Судебный приказ по долгу за обслуживание",
        "url": "/kb/court/order-debt/#что-сделать-сразу",
      },
      {
        "excerpt": "зарегистрированным начнут приходить бланки на почту. Регистрация в текущую подачу закрыта, внести деньги в этот сбор уже нельзя. Для отдельной подачи в суд ищите единомышленников и объединяйтесь. Инициативная группа поможет",
        "highlights": [
          "подачу",
          "подачи",
          "суд",
        ],
        "section": "Новости",
        "title": "Регистрация по спору о тарифе закрыта",
        "url": "/news/2026/06/tariff-appeal-registration-check/",
      },
      {
        "excerpt": "Юрий Кизилов в 01:15:26: при тарифе. Вот важный момент, уважаемые собственники. Нет задачи верить. Я просто расскажу, потому что я этой цифрой владею. Но вы мне по-любому сегодня не поверите. Так вот, смотрите. Тариф",
        "highlights": [
          "тарифе.",
          "Тариф",
        ],
        "section": "Встречи",
        "title": "Встреча жителей Шелково с ОК Комфорт",
        "url": "/meetings/2026-02-21-ok/#t-01-15-26",
      },
      {
        "excerpt": "5. Стоимость услуг (работ) и порядок расчетов: 5.6. Оплата водопотребления является самостоятельной частью платежа. Оплата производится по тарифу, действующему на момент оплаты (Распоряжение Комитета по ценам и тарифам Московской области № 372-Р от 19.12.2025 года) и составляет",
        "highlights": [
          "тарифу,",
          "тарифам",
        ],
        "section": "База знаний",
        "title": "Публичная оферта - Шелково Парк",
        "url": "/kb/ok/offer/shelkovo-park/#5-стоимость-услуг-работ-и-порядок-расчетов",
      },
      {
        "excerpt": "5. Стоимость услуг (работ) и порядок расчетов: 5.6. Оплата водопотребления является самостоятельной частью платежа. Оплата производится по тарифу, действующему на момент оплаты (Распоряжение Комитета по ценам и тарифам Московской области № 372-Р от 19.12.2025 года) и составляет",
        "highlights": [
          "тарифу,",
          "тарифам",
        ],
        "section": "База знаний",
        "title": "Публичная оферта - Шелково Ривер",
        "url": "/kb/ok/offer/shelkovo-river/#5-стоимость-услуг-работ-и-порядок-расчетов",
      },
      {
        "excerpt": "5. Стоимость услуг (работ) и порядок расчетов: 5.6. Оплата водопотребления является самостоятельной частью платежа. Оплата производится по тарифу, действующему на момент оплаты (Распоряжение Комитета по ценам и тарифам Московской области № 372-Р от 19.12.2025 года) и составляет",
        "highlights": [
          "тарифу,",
          "тарифам",
        ],
        "section": "База знаний",
        "title": "Публичная оферта - Шелково Вилладж",
        "url": "/kb/ok/offer/shelkovo-village/#5-стоимость-услуг-работ-и-порядок-расчетов",
      },
      {
        "excerpt": "5. Стоимость услуг (работ) и порядок расчетов: 5.6. Оплата водопотребления является самостоятельной частью платежа. Оплата производится по тарифу, действующему на момент оплаты (Распоряжение Комитета по ценам и тарифам Московской области № 372-Р от 19.12.2025 года) и составляет",
        "highlights": [
          "тарифу,",
          "тарифам",
        ],
        "section": "База знаний",
        "title": "Публичная оферта - Шелково Вилладж (VIP - лит G и F)",
        "url": "/kb/ok/offer/shelkovo-village-vip-lit-g-f/#5-стоимость-услуг-работ-и-порядок-расчетов",
      },
      {
        "excerpt": "5. Стоимость услуг (работ) и порядок расчетов: 5.6. Оплата водопотребления является самостоятельной частью платежа. Оплата производится по тарифу, действующему на момент оплаты (Распоряжение Комитета по ценам и тарифам Московской области № 372-Р от 19.12.2025 года) и составляет",
        "highlights": [
          "тарифу,",
          "тарифам",
        ],
        "section": "База знаний",
        "title": "Публичная оферта - Шелково Форест (VIP - лит V)",
        "url": "/kb/ok/offer/shelkovo-forest-vip-lit-v/#5-стоимость-услуг-работ-и-порядок-расчетов",
      },
    ],
    "total": 9,
  },
  {
    "query": "тар",
    "results": [
      {
        "excerpt": "К подаче документов по спору о тарифе подключились почти 300 человек. Юрист начал проверку регистрационных данных и удаление дублей. После завершения проверки зарегистрированным начнут приходить бланки на почту. Регистрация в",
        "highlights": [
          "тарифе",
        ],
        "section": "Новости",
        "title": "Регистрация по спору о тарифе закрыта",
        "url": "/news/2026/06/tariff-appeal-registration-check/",
      },
      {
        "excerpt": "По сообщению межпоселковой инициативной группы, в чате «Соседи без ОК» открыли сбор для жителей, которые готовы оспаривать новый тариф ОК. Все реквизиты и пояснения собраны там же, в ветке «Главная».",
        "highlights": [
          "тариф",
        ],
        "section": "Новости",
        "title": "В «Соседях без ОК» собирают средства на спор по тарифу",
        "url": "/news/2026/06/ok-tariff-appeal-fund/",
      },
      {
        "excerpt": "Участникам подачи документов по спору о тарифе нужно до 30 июня включительно отправить юристу электронный пакет документов. Сейчас документы пришли едва ли от половины заявителей. Чем раньше участники пришлют файлы,",
        "highlights": [
          "тарифе",
        ],
        "section": "Новости",
        "title": "Документы по спору о тарифе: электронно до 30 июня, оригиналы до 10 июля",
        "url": "/news/2026/06/tariff-appeal-originals-deadline/",
      },
      {
        "excerpt": "До конца 8 июня всем, кто подает документы по спору о тарифе, нужно пройти регистрацию на сайте. Ссылка на сайт указана в перечне документов. 🔥 С 9 июня юрист начнет",
        "highlights": [
          "тарифе,",
        ],
        "section": "Новости",
        "title": "До конца 8 июня нужно зарегистрироваться для спора по тарифу",
        "url": "/news/2026/06/tariff-appeal-registration-deadline/",
      },
      {
        "excerpt": "Разделы сметы. В строках главным числом показан вклад в тариф. Годовые суммы оставлены в деталях и источниках, чтобы можно было свериться с PDF.",
        "highlights": [
          "тариф.",
        ],
        "section": "Регламент",
        "title": "Калькулятор тарифа по смете 2026",
        "url": "/815/regulation/#estimate-sections-title",
      },
      {
        "excerpt": "Сбор средств на спор по тарифу закрыт. Присоединиться к нему уже нельзя. Если вы уже взяли документы из чата «Соседи без ОК» и готовите пакет самостоятельно, все равно нужно отметиться:",
        "highlights": [
          "тарифу",
        ],
        "section": "Новости",
        "title": "Регистрация для спора по тарифу открыта до 8 июня",
        "url": "/news/2026/06/tariff-appeal-registration/",
      },
      {
        "excerpt": "Это не спор о формате: спору о формате удобно, но нечестно. ОК пришла обсуждать тариф и регламент — тот самый документ, который согласилась разбирать с жителями. А уже на месте поставила условие: разговариваем только без",
        "highlights": [
          "тариф",
        ],
        "section": "Новости",
        "title": "ОК отказалась говорить с жителями под запись",
        "url": "/news/2026/06/ok-meeting-recording-ban/#это-не-спор-о-формате",
      },
      {
        "excerpt": "Всем привет, ОК согласились на встречу по обсуждению регламента. Мы бы хотели обсудить регламент, исправление счетов, которые ошибочно выставляются по цене 815 ₽ за сотку, и регулярный пересмотр тарифа путем",
        "highlights": [
          "тарифа",
        ],
        "section": "Новости",
        "title": "ОК согласились на встречу по обсуждению регламента",
        "url": "/news/2026/04/ok-meeting-regulation/",
      },
    ],
    "total": 28,
  },
  {
    "query": "в",
    "results": [],
    "total": 0,
  },
  {
    "query": "вода",
    "results": [
      {
        "excerpt": "Слабый напор воды в Шелково Форест. 19 июня - 23 июня (4 дн.) Шелково Форест. После промывки с полным сливом воды Шелково Форест наполнили водой из водозаборного узла Шелково Ривер.",
        "highlights": [
          "воды",
          "водой",
          "водозаборного",
        ],
        "section": "Статус",
        "title": "Слабый напор воды в Шелково Форест",
        "url": "/status/incidents/2026/06/water-forest-low-pressure-2026-06-19/",
      },
      {
        "excerpt": "Как запускали ВЗУ: в сеть и запустили на промывку. После прямой подачи воды из новой скважины 11 июня в Форесте пошла грязная вода, а затем водоснабжение остановилось. Скважину отсекли от магистрали и оставили",
        "highlights": [
          "воды",
          "вода,",
          "водоснабжение",
        ],
        "section": "Новости",
        "title": "Вода из ВЗУ Фореста соответствует нормам",
        "url": "/news/2026/07/forest-water-tests/#как-запускали-взу",
      },
      {
        "excerpt": "Проблемы с водой в Шелково Форест. 27 июля, 16:00 - 6 августа (9 дн. 8 ч.) Шелково Форест. Проблемы с качеством воды сохранились даже после промывки системы водоснабжения. 6 августа",
        "highlights": [
          "водой",
          "воды",
          "водоснабжения.",
        ],
        "section": "Статус",
        "title": "Проблемы с водой в Шелково Форест",
        "url": "/status/incidents/2026/07/water-forest-outage-2026-07-27-1600/",
      },
      {
        "excerpt": "системы водоснабжения в Шелково Форест и Шелково Вилладж. 18 июня, 10:00 - 13:00 (3 ч.) Шелково Форест. Шелково Вилладж. ОК Комфорт планирует промыть систему водоснабжения, чтобы улучшить качество воды. На",
        "highlights": [
          "водоснабжения",
          "водоснабжения,",
          "воды.",
        ],
        "section": "Статус",
        "title": "Промывка системы водоснабжения в Шелково Форест и Шелково Вилладж",
        "url": "/status/incidents/2026/06/water-forest-village-outage-2026-06-18/",
      },
      {
        "excerpt": "Что показала проверка: от того, какую колонку требований применять. На момент отбора дом получал воду из ВЗУ Фореста, поэтому пробу отметили как воду из нецентрализованного источника — скважины, хотя ее набрали из крана:",
        "highlights": [
          "воду",
        ],
        "section": "Новости",
        "title": "Частный анализ воды в Форесте: превышены железо и марганец",
        "url": "/news/2026/08/forest-home-water-test/#что-показала-проверка",
      },
      {
        "excerpt": "Что можно заключить: приведено. Протоколы подтверждают показатели одной пробы, взятой на ВЗУ 23 июня. Они не показывают качество воды в распределительной сети и домах жителей после переключений и промывок. В опубликованный перечень также",
        "highlights": [
          "воды",
        ],
        "section": "Новости",
        "title": "ОК опубликовала протоколы анализа воды из ВЗУ Фореста",
        "url": "/news/2026/08/forest-water-protocols/#что-можно-заключить",
      },
      {
        "excerpt": "системы водоснабжения в Шелково Форест. 27 июля, 10:30 - 16:00 (5 ч. 30 мин.) Шелково Форест. Промывка нужна, чтобы подключить скважину ВЗУ Шелково Форест к системе водоснабжения. Систему планируют наполнить",
        "highlights": [
          "водоснабжения",
          "водоснабжения.",
        ],
        "section": "Статус",
        "title": "Промывка системы водоснабжения в Шелково Форест",
        "url": "/status/incidents/2026/07/water-forest-outage-2026-07-27/",
      },
      {
        "excerpt": "Грязная вода и отключение в Шелково Форест. 11 июня, 18:00 - 21:00 (3 ч.) Шелково Форест. С 18:00 в Шелково Форест вода шла сильно грязной, затем пропала. По словам Кирилла",
        "highlights": [
          "вода",
        ],
        "section": "Статус",
        "title": "Грязная вода и отключение в Шелково Форест",
        "url": "/status/incidents/2026/06/water-forest-outage-2026-06-11/",
      },
    ],
    "total": 38,
  },
  {
    "query": "газ",
    "results": [
      {
        "excerpt": "4. Заключите договор. Шаг 5. Выполните работы внутри участка. Шаг 6. Подготовьте дом к пуску газа. Шаг 7. Заключите договоры. Шаг 8. Пуск газа. Сколько стоит подключение. Частые ошибки владельцев",
        "highlights": [
          "газа.",
        ],
        "section": "База знаний",
        "title": "Как подключить газ через Мособлгаз",
        "url": "/kb/services/gas/",
      },
      {
        "excerpt": "перехода на прямые расчеты с Мосэнерго стоит перейти на сельский тариф — он заметно дешевле. Газ тоже можно подключить без участия ОК Комфорт. Заборы в каждой части поселка одинаковые и",
        "highlights": [
          "Газ",
        ],
        "section": "База знаний",
        "title": "Привет, сосед!",
        "url": "/kb/hello/",
      },
      {
        "excerpt": "ТСН обязательства по инфраструктуре. Ответ ОК: обязательства сохраняются, а ТСН создавали только как инструмент для газа. Тариф 815 ₽ и допсоглашения. Самый конфликтный блок: жители предлагали оставить 544 ₽ до",
        "highlights": [
          "газа.",
        ],
        "section": "Новости",
        "title": "Транскрипция встречи жителей с ОК Комфорт",
        "url": "/news/2026/02/kizilov-meeting-transcript/",
      },
      {
        "excerpt": "Приложение № 7: Правила внутреннего проживания на территории поселка: правил хранения и использования оружия несет лицо, за которым зарегистрировано оружие; Провозить баллоны с горючими газами и легковоспламеняющимися жидкостями, за исключением технического оборудования в составе автотранспортных средств; Привозить и употреблять",
        "highlights": [
          "газами",
        ],
        "section": "База знаний",
        "title": "Публичная оферта - Шелково Парк",
        "url": "/kb/ok/offer/shelkovo-park/#приложение-7-правила-внутреннего-проживания-на-территории-поселка",
      },
      {
        "excerpt": "Приложение № 7: Правила внутреннего проживания на территории поселка: правил хранения и использования оружия несет лицо, за которым зарегистрировано оружие; Провозить баллоны с горючими газами и легковоспламеняющимися жидкостями, за исключением технического оборудования в составе автотранспортных средств; Привозить и употреблять",
        "highlights": [
          "газами",
        ],
        "section": "База знаний",
        "title": "Публичная оферта - Шелково Ривер",
        "url": "/kb/ok/offer/shelkovo-river/#приложение-7-правила-внутреннего-проживания-на-территории-поселка",
      },
      {
        "excerpt": "Приложение № 7: Правила внутреннего проживания на территории поселка: правил хранения и использования оружия несет лицо, за которым зарегистрировано оружие; Провозить баллоны с горючими газами и легковоспламеняющимися жидкостями, за исключением технического оборудования в составе автотранспортных средств; Привозить и употреблять",
        "highlights": [
          "газами",
        ],
        "section": "База знаний",
        "title": "Публичная оферта - Шелково Вилладж",
        "url": "/kb/ok/offer/shelkovo-village/#приложение-7-правила-внутреннего-проживания-на-территории-поселка",
      },
      {
        "excerpt": "Приложение № 7: Правила внутреннего проживания на территории поселка: правил хранения и использования оружия несет лицо, за которым зарегистрировано оружие; Провозить баллоны с горючими газами и легковоспламеняющимися жидкостями, за исключением технического оборудования в составе автотранспортных средств; Привозить и употреблять",
        "highlights": [
          "газами",
        ],
        "section": "База знаний",
        "title": "Публичная оферта - Шелково Вилладж (VIP - лит G и F)",
        "url": "/kb/ok/offer/shelkovo-village-vip-lit-g-f/#приложение-7-правила-внутреннего-проживания-на-территории-поселка",
      },
      {
        "excerpt": "Приложение № 7: Правила внутреннего проживания на территории поселка: правил хранения и использования оружия несет лицо, за которым зарегистрировано оружие; Провозить баллоны с горючими газами и легковоспламеняющимися жидкостями, за исключением технического оборудования в составе автотранспортных средств; Привозить и употреблять",
        "highlights": [
          "газами",
        ],
        "section": "База знаний",
        "title": "Публичная оферта - Шелково Форест (VIP - лит V)",
        "url": "/kb/ok/offer/shelkovo-forest-vip-lit-v/#приложение-7-правила-внутреннего-проживания-на-территории-поселка",
      },
    ],
    "total": 10,
  },
  {
    "query": "слабый напор воды",
    "results": [
      {
        "excerpt": "Слабый напор воды в Шелково Форест. 19 июня - 23 июня (4 дн.) Шелково Форест. После промывки с полным сливом воды Шелково Форест наполнили водой из водозаборного узла Шелково Ривер.",
        "highlights": [
          "Слабый",
          "напор",
          "воды",
          "водой",
          "водозаборного",
        ],
        "section": "Статус",
        "title": "Слабый напор воды в Шелково Форест",
        "url": "/status/incidents/2026/06/water-forest-low-pressure-2026-06-19/",
      },
    ],
    "total": 1,
  },
  {
    "query": "проезд через дамбу",
    "results": [
      {
        "excerpt": "погодных условий проезд через КПП Шелково Ривер по дамбе ограничен до 10 мая. Для доступа к домам и участкам рекомендуется пользоваться проездом через КПП в коттеджных посёлках Шелково Форест и",
        "highlights": [
          "проезд",
          "через",
          "дамбе",
          "проездом",
        ],
        "section": "Новости",
        "title": "Проезд через дамбу временно закрыт",
        "url": "/news/2026/04/river-restriction/",
      },
      {
        "excerpt": "Проезд через КПП Шелково Ривер открыт раньше обозначенного срока. Работы на дороге еще продолжаются: идет ямочный ремонт и выравнивание дорожного полотна. Из-за этого возможны кратковременные ограничения движения.",
        "highlights": [
          "Проезд",
          "через",
        ],
        "section": "Новости",
        "title": "Проезд через дамбу снова открыт",
        "url": "/news/2026/05/river-open/",
      },
      {
        "excerpt": "Проезд через дамбу будет перекрыт. 18 мая, 09:00 - 18:00 (9 ч.) Шелково Ривер. Проезд через КПП Шелково Ривер перекроют из-за доставки строительных материалов для первого этапа строительства дамбы. Подробнее",
        "highlights": [
          "Проезд",
          "через",
          "дамбу",
          "дамбы.",
        ],
        "section": "Статус",
        "title": "Проезд через дамбу будет перекрыт",
        "url": "/status/incidents/2026/05/dam-closure-2026-05-18/",
      },
      {
        "excerpt": "до 18:00 будет перекрыт проезд через КПП Шелково Ривер. Ограничение связано с доставкой строительных материалов на территорию поселка. Для доступа к домам и участкам пользуйтесь проездом через КПП в коттеджных",
        "highlights": [
          "проезд",
          "через",
          "проездом",
        ],
        "section": "Новости",
        "title": "18 мая перекроют проезд через КПП Шелково Ривер",
        "url": "/news/2026/05/river-dam-construction/",
      },
      {
        "excerpt": "Проезд через дамбу закрыт из-за паводка. 15 марта - 24 апреля (40 дн.). Проезд через дамбу закрыли из-за паводка: река вышла из берегов и затопила дамбу.",
        "highlights": [
          "Проезд",
          "через",
          "дамбу",
          "дамбу.",
        ],
        "section": "Статус",
        "title": "Проезд через дамбу закрыт из-за паводка",
        "url": "/status/incidents/2026/03/dam-flood-closure/",
      },
      {
        "excerpt": "Проезд через КПП Шелково Ривер будет закрыт. 3 августа, 10:00 - 13:00 (3 ч.) Шелково Ривер. ОК Комфорт продолжит завозить железобетонные конструкции для монтажа дамбы через Лопасню. Проехать к домам",
        "highlights": [
          "Проезд",
          "через",
          "дамбы",
        ],
        "section": "Статус",
        "title": "Проезд через КПП Шелково Ривер будет закрыт",
        "url": "/status/incidents/2026/08/dam-river-closure-2026-08-03/",
      },
      {
        "excerpt": "Проезд через КПП Шелково Ривер будет закрыт. 31 июля, 15:00 - 18:00 (3 ч.) Шелково Ривер. ОК Комфорт продолжит завозить железобетонные конструкции для монтажа дамбы через Лопасню. Проехать к домам",
        "highlights": [
          "Проезд",
          "через",
          "дамбы",
        ],
        "section": "Статус",
        "title": "Проезд через КПП Шелково Ривер будет закрыт",
        "url": "/status/incidents/2026/07/dam-river-closure-2026-07-31/",
      },
      {
        "excerpt": "Дополнительные работы. Отдельно в отчете отмечены работы на дорогах, дамбе, КПП, детских и спортивных площадках. продолжились работы на дамбе через Лопасню: уплотнили основание и выровняли щебнем дорожное полотно; установлены 18",
        "highlights": [
          "дамбе,",
          "дамбе",
          "через",
        ],
        "section": "Новости",
        "title": "Отчет ОК Комфорт за апрель",
        "url": "/news/2026/05/april-report/#дополнительные-работы",
      },
    ],
    "total": 9,
  },
]
`;

exports[`#122 long document ranking 1`] = `
[
  {
    "query": "когда заасфальтируют форест",
    "results": [
      {
        "excerpt": "Юрий Кизилов в 01:28:21: платежи поднимем тогда, когда будут пляжи. Да нет никакой взаимосвязи с этими пляжами. Ребятки, которые сейчас рабочие, таджики, узбеки, я им зарплату буду платить не тогда, когда девелопер, когда другой",
        "highlights": [
          "когда",
        ],
        "section": "Встречи",
        "title": "Встреча жителей Шелково с ОК Комфорт",
        "url": "/meetings/2026-02-21-ok/#t-01-28-21",
      },
    ],
    "total": 1,
  },
  {
    "query": "асфальт форест",
    "results": [
      {
        "excerpt": "Фото. Щебеночное основание дороги в Форесте. Фото: ОК Комфорт. Обновленное покрытие деревянных элементов детской площадки в Ривере. Фото: ОК Комфорт. Новый знак «Тупик» у участка S57 в Ривере. Фото: ОК",
        "highlights": [
          "Форесте.",
        ],
        "section": "Новости",
        "title": "Новости благоустройства в посёлке",
        "url": "/news/2026/08/forest-roads-river-updates/#news-photos",
      },
      {
        "excerpt": "Что сообщила ОК: строительным работам. Дороги в Форесте: под асфальт подготовили 1 600 м² основания. Укладку покрытия планируют начать в конце августа или начале сентября, если позволит погода. ВЗУ в Форесте: после проблем",
        "highlights": [
          "Форесте:",
          "асфальт",
        ],
        "section": "Новости",
        "title": "ОК признала просрочки, но исправленного плана так и не дала",
        "url": "/news/2026/08/no-corrected-improvement-plan/#что-сообщила-ок",
      },
      {
        "excerpt": "Что успели сделать по плану: железобетонные конструкции. 4 августа ОК сообщала только о подготовке дорог в Форесте к асфальтированию, не называя улицы и дату укладки асфальта.",
        "highlights": [
          "Форесте",
          "асфальтированию,",
          "асфальта.",
        ],
        "section": "Новости",
        "title": "Сроки благоустройства снова сдвинули: теперь до конца октября",
        "url": "/news/2026/08/improvement-deadline-october/#что-успели-сделать-по-плану",
      },
      {
        "excerpt": "Дороги (асфальт). Категория: Дороги и тротуары. Единица измерения: м². Количество по поселкам: Шелково Вилладж: 4 785; Шелково Форест: 2 750; Шелково Парк: 5 000; Шелково Ривер: 625; всего: 13 160.",
        "highlights": [
          "(асфальт).",
          "Форест:",
        ],
        "section": "Регламент",
        "title": "Что входит в общее имущество",
        "url": "/815/regulation/assets/#reglament-asset-roads-asphalt",
      },
      {
        "excerpt": "Место хорошее, но обещанная инфраструктура до сих пор не готова: могу сказать, что группа компаний совсем ничего не делает. Гринвуд и Грин Форест выглядят достойно (при этом Грин Форест — ровесник нашего Шелково): там есть инфраструктура и видно благоустройство. Отдельные",
        "highlights": [
          "Форест",
        ],
        "section": "Отзывы",
        "title": "Почему я не рекомендую покупать участок в Шелково",
        "url": "/reviews/2026-08-10-why-i-do-not-recommend-shelkovo/#место-хорошее-но-обещанная-инфраструктура-до-сих-пор-не-готова",
      },
      {
        "excerpt": "площадки, пляж, теннис, сквош, дорожки, асфальт. В Шелково участок был в посёлке на начальной стадии, хотя этому посёлку ровно столько же лет, как и соседнему Грин Форесту, однако это небо",
        "highlights": [
          "асфальт.",
          "Форесту,",
        ],
        "section": "Отзывы",
        "title": "Виды всё пересилили. А потом начались сюрпризы",
        "url": "/reviews/2026-08-11-think-before-buying/",
      },
      {
        "excerpt": "Юрий Кизилов в 00:18:25: том, что, опять возвращаясь к тематике Greenwood, раньше мы асфальт никогда не строили. Соответственно, мы строили асфальтовую крошку, а денежные средства на асфальт уже собирали с собственников. Это было понятно",
        "highlights": [
          "асфальт",
          "асфальтовую",
        ],
        "section": "Встречи",
        "title": "Встреча жителей Шелково с ОК Комфорт",
        "url": "/meetings/2026-02-21-ok/#t-00-18-25",
      },
      {
        "excerpt": "Приложение № 5: Технические Условия на организацию въездной группы: мм. Стандартный размер парковки 5500×6000 мм. ТЕХНОЛОГИЯ СТРОИТЕЛЬСТВА ВЪЕЗДНОЙ ГРУППЫ. 2,5 м. 2 см — асфальтная крошка. Щебень 20/40. Щебень 40/70. 5 см. 10 см. Песок. 20 см. 7 см",
        "highlights": [
          "асфальтная",
        ],
        "section": "База знаний",
        "title": "Публичная оферта - Шелково Форест (VIP - лит V)",
        "url": "/kb/ok/offer/shelkovo-forest-vip-lit-v/#приложение-5-технические-условия-на-организацию-въездной-группы",
      },
    ],
    "total": 9,
  },
  {
    "query": "официальный анализ воды форест",
    "results": [
      {
        "excerpt": "Кирилл Щемелинин в 00:56:15: Шелково Форест. План такой: мы до конца весны не успеем точно до конца обвязать. План такой у меня: подать со скважины в Forest напрямую с первого подъема в систему подачи",
        "highlights": [
          "Форест.",
        ],
        "section": "Встречи",
        "title": "Встреча жителей Шелково с ОК Комфорт",
        "url": "/meetings/2026-02-21-ok/#t-00-56-15",
      },
    ],
    "total": 1,
  },
  {
    "query": "анализ воды форест",
    "results": [
      {
        "excerpt": "Как результат связан с анализами ОК: связан с анализами ОК. ОК Комфорт проверяла воду 23 июня на самом ВЗУ Фореста, а собственник 19 июля набрал воду уже из крана у себя дома. Эти анализы показывают воду",
        "highlights": [
          "анализами",
          "воду",
          "Фореста,",
          "анализы",
        ],
        "section": "Новости",
        "title": "Частный анализ воды в Форесте: превышены железо и марганец",
        "url": "/news/2026/08/forest-home-water-test/#как-результат-связан-с-анализами-ок",
      },
      {
        "excerpt": "Что можно заключить: приведено. Протоколы подтверждают показатели одной пробы, взятой на ВЗУ 23 июня. Они не показывают качество воды в распределительной сети и домах жителей после переключений и промывок. В опубликованный перечень также",
        "highlights": [
          "воды",
        ],
        "section": "Новости",
        "title": "ОК опубликовала протоколы анализа воды из ВЗУ Фореста",
        "url": "/news/2026/08/forest-water-protocols/#что-можно-заключить",
      },
      {
        "excerpt": "Как запускали ВЗУ: прямой подачи воды из новой скважины 11 июня в Форесте пошла грязная вода, а затем водоснабжение остановилось. Скважину отсекли от магистрали и оставили на прокачке до получения результатов анализа. Теперь",
        "highlights": [
          "воды",
          "Форесте",
          "вода,",
          "водоснабжение",
          "анализа.",
        ],
        "section": "Новости",
        "title": "Вода из ВЗУ Фореста соответствует нормам",
        "url": "/news/2026/07/forest-water-tests/#как-запускали-взу",
      },
      {
        "excerpt": "От запуска до отказа от скважины: 30 июля, по словам Кирилла Щемелинина, полностью вернуть Форест на подачу с ВЗУ Шелково Ривер было нельзя: тогда без давления остались бы сам Форест и часть Вилладжа. Как планируют решить",
        "highlights": [
          "Форест",
        ],
        "section": "Новости",
        "title": "Форест отключают от собственной скважины и возвращают на ВЗУ Шелково Ривер",
        "url": "/news/2026/08/forest-water-source-switch/#от-запуска-до-отказа-от-скважины",
      },
      {
        "excerpt": "Водоемы и зоны отдыха. Со стороны Парка обустроили подход к Охотничьим прудам: скосили траву, сформировали и отсыпали щебнем дорожку, установили перила для спуска (✅ этим выполнили один из пунктов плана",
        "highlights": [
          "Водоемы",
        ],
        "section": "Новости",
        "title": "Отчет ОК Комфорт за июнь",
        "url": "/news/2026/07/june-report/#водоемы-и-зоны-отдыха",
      },
      {
        "excerpt": "Первый этап ВЗУ в Шелково Форесте: в Шелково Форесте. Временно подключить скважину первого подъема, чтобы поднять давление. Срок: до 31 мая. Ответственный: Кирилл Щемелинин. Ход работ: 31 мая: скважину запустили на промывку. 11 июня: Шелково Форест",
        "highlights": [
          "Форесте.",
          "Форест",
        ],
        "section": "База знаний",
        "title": "План развития Шелково на 2026 год",
        "url": "/kb/ok/development-plan-2026/#первый-этап-взу-в-шелково-форесте",
      },
      {
        "excerpt": "Кирилл Щемелинин в 00:56:15: Шелково Форест. План такой: мы до конца весны не успеем точно до конца обвязать. План такой у меня: подать со скважины в Forest напрямую с первого подъема в систему подачи",
        "highlights": [
          "Форест.",
        ],
        "section": "Встречи",
        "title": "Встреча жителей Шелково с ОК Комфорт",
        "url": "/meetings/2026-02-21-ok/#t-00-56-15",
      },
    ],
    "total": 7,
  },
]
`;

exports[`#123 query aliases 1`] = `
[
  {
    "query": "где поесть",
    "results": [],
    "total": 0,
  },
  {
    "query": "еда",
    "results": [
      {
        "excerpt": "Темы новости: еда, отдых.",
        "highlights": [],
        "section": "Новости",
        "title": "В поселке заработал фудтрак с едой и напитками",
        "url": "/news/2026/07/food-truck/",
      },
      {
        "excerpt": "Екатерина в 00:24:16: все заплатили. Но сейчас очень удобно. И я вижу, что нам не проехать, а мы едем на все выходные, едем. До этого с мужем ездили одни, а вчера ехали с",
        "highlights": [
          "едем",
        ],
        "section": "Встречи",
        "title": "Встреча жителей Шелково с ОК Комфорт",
        "url": "/meetings/2026-02-21-ok/#t-00-24-16",
      },
    ],
    "total": 2,
  },
  {
    "query": "как въехать грузовику",
    "results": [],
    "total": 0,
  },
  {
    "query": "въезд грузового транспорта",
    "results": [
      {
        "excerpt": "а дорожное покрытие снова позволяет транспорту двигаться безопасно. 11 мая — праздничный день, поэтому въезд в этот день будет платным по действующим тарифам. После открытия въезд грузовой и строительной техники",
        "highlights": [
          "транспорту",
          "въезд",
          "грузовой",
        ],
        "section": "Новости",
        "title": "С 11 мая снова откроется проезд для грузовой техники",
        "url": "/news/2026/05/truck-entry-open/",
      },
      {
        "excerpt": "Приложение № 2: Правила проведения строительно-монтажных работ на территории коттеджного поселка: получения разрешения на разовый въезд: название поселка, номер участка, марка ТС, номер ТС, вид груза. Заявка на грузовой транспорт осуществляется за день до въезда. 3.5. Въезд грузовой/строительной техники, на территорию",
        "highlights": [
          "въезд:",
          "грузовой",
          "транспорт",
          "въезда.",
          "Въезд",
          "грузовой/строительной",
        ],
        "section": "База знаний",
        "title": "Публичная оферта - Шелково Парк",
        "url": "/kb/ok/offer/shelkovo-park/#приложение-2-правила-проведения-строительно-монтажных-работ-на-территории-коттеджного-поселка",
      },
      {
        "excerpt": "Приложение № 2: Правила проведения строительно-монтажных работ на территории коттеджного поселка: получения разрешения на разовый въезд: название поселка, номер участка, марка ТС, номер ТС, вид груза. Заявка на грузовой транспорт осуществляется за день до въезда. 3.5. Въезд грузовой/строительной техники, на территорию",
        "highlights": [
          "въезд:",
          "грузовой",
          "транспорт",
          "въезда.",
          "Въезд",
          "грузовой/строительной",
        ],
        "section": "База знаний",
        "title": "Публичная оферта - Шелково Ривер",
        "url": "/kb/ok/offer/shelkovo-river/#приложение-2-правила-проведения-строительно-монтажных-работ-на-территории-коттеджного-поселка",
      },
      {
        "excerpt": "Приложение № 2: Правила проведения строительно-монтажных работ на территории коттеджного поселка: получения разрешения на разовый въезд: название поселка, номер участка, марка ТС, номер ТС, вид груза. Заявка на грузовой транспорт осуществляется за день до въезда. 3.5. Въезд грузовой/строительной техники, на территорию",
        "highlights": [
          "въезд:",
          "грузовой",
          "транспорт",
          "въезда.",
          "Въезд",
          "грузовой/строительной",
        ],
        "section": "База знаний",
        "title": "Публичная оферта - Шелково Вилладж",
        "url": "/kb/ok/offer/shelkovo-village/#приложение-2-правила-проведения-строительно-монтажных-работ-на-территории-коттеджного-поселка",
      },
      {
        "excerpt": "Приложение № 2: Правила проведения строительно-монтажных работ на территории коттеджного поселка: получения разрешения на разовый въезд: название поселка, номер участка, марка ТС, номер ТС, вид груза. Заявка на грузовой транспорт осуществляется за день до въезда. 3.5. Въезд грузовой/строительной техники, на территорию",
        "highlights": [
          "въезд:",
          "грузовой",
          "транспорт",
          "въезда.",
          "Въезд",
          "грузовой/строительной",
        ],
        "section": "База знаний",
        "title": "Публичная оферта - Шелково Вилладж (VIP - лит G и F)",
        "url": "/kb/ok/offer/shelkovo-village-vip-lit-g-f/#приложение-2-правила-проведения-строительно-монтажных-работ-на-территории-коттеджного-поселка",
      },
      {
        "excerpt": "Приложение № 2: Правила проведения строительно-монтажных работ на территории коттеджного поселка: получения разрешения на разовый въезд: название поселка, номер участка, марка ТС, номер ТС, вид груза. Заявка на грузовой транспорт осуществляется за день до въезда. 3.5. Въезд грузовой/строительной техники, на территорию",
        "highlights": [
          "въезд:",
          "грузовой",
          "транспорт",
          "въезда.",
          "Въезд",
          "грузовой/строительной",
        ],
        "section": "База знаний",
        "title": "Публичная оферта - Шелково Форест (VIP - лит V)",
        "url": "/kb/ok/offer/shelkovo-forest-vip-lit-v/#приложение-2-правила-проведения-строительно-монтажных-работ-на-территории-коттеджного-поселка",
      },
      {
        "excerpt": "Приложение № 2: Правила проведения строительно-монтажных работ на территории коттеджного поселка: получения разрешения на разовый въезд: название поселка, номер участка, марка ТС, номер ТС, вид груза. Заявка на грузовой транспорт осуществляется за день до въезда. 3.5. Въезд грузовой/строительной техники, на территорию",
        "highlights": [
          "въезд:",
          "грузовой",
          "транспорт",
          "въезда.",
          "Въезд",
          "грузовой/строительной",
        ],
        "section": "База знаний",
        "title": "Публичная оферта - Шелково Форест",
        "url": "/kb/ok/offer/shelkovo-forest/#приложение-2-правила-проведения-строительно-монтажных-работ-на-территории-коттеджного-поселка",
      },
    ],
    "total": 7,
  },
  {
    "query": "госномер въезд",
    "results": [
      {
        "excerpt": "Юрий Кизилов в 00:03:32: этот же расчетный счет поступали денежные средства посредством продажи наших платных услуг (когда мы продаем въезды, ограждения, подключение коммуникаций), деньги все падали на расчетный счет. Люди этого не знают (но",
        "highlights": [
          "въезды,",
        ],
        "section": "Встречи",
        "title": "Встреча жителей Шелково с ОК Комфорт",
        "url": "/meetings/2026-02-21-ok/#t-00-03-32",
      },
    ],
    "total": 1,
  },
  {
    "query": "распознавание номеров",
    "results": [
      {
        "excerpt": "актуальные номера своих автомобилей. Как подъезжать к камере: двигайтесь не быстрее 10 км/ч; держитесь центра полосы; останавливайтесь за 2-3 метра до камеры; следите, чтобы номер был чистым. После распознавания номера",
        "highlights": [
          "номера",
          "номер",
          "распознавания",
        ],
        "section": "Новости",
        "title": "В Вилладже и Форесте запускают пропуск по номерам автомобилей",
        "url": "/news/2026/05/number-plate-access/",
      },
    ],
    "total": 1,
  },
  {
    "query": "собрание запись запрещена",
    "results": [],
    "total": 0,
  },
  {
    "query": "запрет записи",
    "results": [
      {
        "excerpt": "Вместо записи — протокол от одной стороны. Вместо записи ОК предложила письменный протокол только со своей стороны. Для двух-трех часов разговора с небольшой группой жителей это, мягко говоря, странный формат:",
        "highlights": [
          "записи",
        ],
        "section": "Новости",
        "title": "ОК отказалась говорить с жителями под запись",
        "url": "/news/2026/06/ok-meeting-recording-ban/#вместо-записи-протокол-от-одной-стороны",
      },
      {
        "excerpt": "Тариф объявили, но по-настоящему обсуждать его не стали: собирались обсудить на второй встрече 13 июня, но уже на месте ОК запретила аудио- и видеозапись, хотя возможность записи обсуждали заранее. Встреча в итоге не состоялась. Мы продолжаем платить 544",
        "highlights": [
          "запретила",
          "записи",
        ],
        "section": "Отзывы",
        "title": "Почему я не рекомендую покупать участок в Шелково",
        "url": "/reviews/2026-08-10-why-i-do-not-recommend-shelkovo/#тариф-объявили-но-по-настоящему-обсуждать-его-не-стали",
      },
      {
        "excerpt": "Юрий Кизилов в 01:02:20: Мне по барабану, вы просто не понимаете, что вот эти определенного рода запреты в договоре, которые вы воспринимаете как запреты, да блин, это же для вашего же блага. Ну мне",
        "highlights": [
          "запреты",
          "запреты,",
        ],
        "section": "Встречи",
        "title": "Встреча жителей Шелково с ОК Комфорт",
        "url": "/meetings/2026-02-21-ok/#t-01-02-20",
      },
    ],
    "total": 3,
  },
  {
    "query": "вода пахнет железом",
    "results": [],
    "total": 0,
  },
]
`;

exports[`#125 tariff aliases 1`] = `
[
  {
    "query": "тариф 815",
    "results": [
      {
        "excerpt": "Всем привет, ОК согласились на встречу по обсуждению регламента. Мы бы хотели обсудить регламент, исправление счетов, которые ошибочно выставляются по цене 815 ₽ за сотку, и регулярный пересмотр тарифа путем",
        "highlights": [
          "815",
          "тарифа",
        ],
        "section": "Новости",
        "title": "ОК согласились на встречу по обсуждению регламента",
        "url": "/news/2026/04/ok-meeting-regulation/",
      },
      {
        "excerpt": "Обслуживание не соответствует даже прежнему тарифу: соответствует даже прежнему тарифу. После покупки нам дали полгода каникул от платежей за обслуживание. Мы занимались стройкой и почти не думали об эксплуатации поселка. Первые платежи составляли около 500 ₽",
        "highlights": [
          "тарифу.",
        ],
        "section": "Отзывы",
        "title": "Почему я не рекомендую покупать участок в Шелково",
        "url": "/reviews/2026-08-10-why-i-do-not-recommend-shelkovo/#обслуживание-не-соответствует-даже-прежнему-тарифу",
      },
      {
        "excerpt": "как инструмент для газа. Тариф 815 ₽ и допсоглашения. Самый конфликтный блок: жители предлагали оставить 544 ₽ до видимого прогресса или найти промежуточную формулу. ОК настаивала на 815 ₽ и",
        "highlights": [
          "Тариф",
          "815",
        ],
        "section": "Новости",
        "title": "Транскрипция встречи жителей с ОК Комфорт",
        "url": "/news/2026/02/kizilov-meeting-transcript/",
      },
      {
        "excerpt": "Сколько я готов платить за обслуживание. Я не против платить за нормальное обслуживание и развитие поселка. Более того, я готов был бы платить по ставке 815 ₽ с сотки в",
        "highlights": [
          "815",
        ],
        "section": "Отзывы",
        "title": "Честный опыт жителя Shelkovo Park",
        "url": "/reviews/2026-08-13-shelkovo-eco-club-otzyv-zhitelya-shelkovo-park/#сколько-я-готов-платить-за-обслуживание",
      },
      {
        "excerpt": "Юрий Кизилов в 01:15:26: вот, смотрите. Тариф в 815. Если не будет сейчас серьезных расходов, серьезных скачков цен на необходимые товары и услуги, которые используются у нас в работе. Так вот, при тарифе 815",
        "highlights": [
          "Тариф",
          "815.",
          "тарифе",
          "815",
        ],
        "section": "Встречи",
        "title": "Встреча жителей Шелково с ОК Комфорт",
        "url": "/meetings/2026-02-21-ok/#t-01-15-26",
      },
      {
        "excerpt": "5. Стоимость услуг (работ) и порядок расчетов: 5.6. Оплата водопотребления является самостоятельной частью платежа. Оплата производится по тарифу, действующему на момент оплаты (Распоряжение Комитета по ценам и тарифам Московской области № 372-Р от 19.12.2025 года) и составляет",
        "highlights": [
          "тарифу,",
          "тарифам",
        ],
        "section": "База знаний",
        "title": "Публичная оферта - Шелково Парк",
        "url": "/kb/ok/offer/shelkovo-park/#5-стоимость-услуг-работ-и-порядок-расчетов",
      },
      {
        "excerpt": "5. Стоимость услуг (работ) и порядок расчетов: 5.6. Оплата водопотребления является самостоятельной частью платежа. Оплата производится по тарифу, действующему на момент оплаты (Распоряжение Комитета по ценам и тарифам Московской области № 372-Р от 19.12.2025 года) и составляет",
        "highlights": [
          "тарифу,",
          "тарифам",
        ],
        "section": "База знаний",
        "title": "Публичная оферта - Шелково Ривер",
        "url": "/kb/ok/offer/shelkovo-river/#5-стоимость-услуг-работ-и-порядок-расчетов",
      },
      {
        "excerpt": "5. Стоимость услуг (работ) и порядок расчетов: 5.6. Оплата водопотребления является самостоятельной частью платежа. Оплата производится по тарифу, действующему на момент оплаты (Распоряжение Комитета по ценам и тарифам Московской области № 372-Р от 19.12.2025 года) и составляет",
        "highlights": [
          "тарифу,",
          "тарифам",
        ],
        "section": "База знаний",
        "title": "Публичная оферта - Шелково Вилладж",
        "url": "/kb/ok/offer/shelkovo-village/#5-стоимость-услуг-работ-и-порядок-расчетов",
      },
    ],
    "total": 11,
  },
  {
    "query": "тариф 815 что входит",
    "results": [
      {
        "excerpt": "Обслуживание не соответствует даже прежнему тарифу: соответствует даже прежнему тарифу. После покупки нам дали полгода каникул от платежей за обслуживание. Мы занимались стройкой и почти не думали об эксплуатации поселка. Первые платежи составляли около 500 ₽",
        "highlights": [
          "тарифу.",
        ],
        "section": "Отзывы",
        "title": "Почему я не рекомендую покупать участок в Шелково",
        "url": "/reviews/2026-08-10-why-i-do-not-recommend-shelkovo/#обслуживание-не-соответствует-даже-прежнему-тарифу",
      },
      {
        "excerpt": "Дом, природа и закаты — то, что здесь действительно прекрасно: закаты — то, что здесь действительно прекрасно. Начну с хорошего, потому что оно настоящее. У меня получился реально топовый дом. Я очень удачно расположил его на участке, правильно поймал инсоляцию",
        "highlights": [
          "что",
        ],
        "section": "Отзывы",
        "title": "Честный опыт жителя Shelkovo Park",
        "url": "/reviews/2026-08-13-shelkovo-eco-club-otzyv-zhitelya-shelkovo-park/#дом-природа-и-закаты-то-что-здесь-действительно-прекрасно",
      },
      {
        "excerpt": "Юрий Кизилов в 00:26:20: сюда приехали из Москвы. Сейчас. Или пару дней назад. Вы же видели, что снег одинаково выпадал, что здесь, что там. Но в Москве сейчас тоже транспортные коллапсы. Люди физически не",
        "highlights": [
          "что",
        ],
        "section": "Встречи",
        "title": "Встреча жителей Шелково с ОК Комфорт",
        "url": "/meetings/2026-02-21-ok/#t-00-26-20",
      },
      {
        "excerpt": "Приложение № 4: Технические Условия по устройству ограждения участка в КП «Shelkovo Forest»: 2500 мм. (не входит в общую стоимость по договору, устанавливаются на усмотрение собственника). Колпак кирпичного столба полимер песчаный, производитель «TETTO» 380 мм x 380 мм, RAL 8017. (не входит в",
        "highlights": [
          "входит",
        ],
        "section": "База знаний",
        "title": "Публичная оферта - Шелково Форест",
        "url": "/kb/ok/offer/shelkovo-forest/#приложение-4-технические-условия-по-устройству-ограждения-участка-в-кп-shelkovo-forest",
      },
      {
        "excerpt": "5. Стоимость услуг (работ) и порядок расчетов: 5.6. Оплата водопотребления является самостоятельной частью платежа. Оплата производится по тарифу, действующему на момент оплаты (Распоряжение Комитета по ценам и тарифам Московской области № 372-Р от 19.12.2025 года) и составляет",
        "highlights": [
          "тарифу,",
          "тарифам",
        ],
        "section": "База знаний",
        "title": "Публичная оферта - Шелково Вилладж",
        "url": "/kb/ok/offer/shelkovo-village/#5-стоимость-услуг-работ-и-порядок-расчетов",
      },
      {
        "excerpt": "5. Стоимость услуг (работ) и порядок расчетов: 5.6. Оплата водопотребления является самостоятельной частью платежа. Оплата производится по тарифу, действующему на момент оплаты (Распоряжение Комитета по ценам и тарифам Московской области № 372-Р от 19.12.2025 года) и составляет",
        "highlights": [
          "тарифу,",
          "тарифам",
        ],
        "section": "База знаний",
        "title": "Публичная оферта - Шелково Парк",
        "url": "/kb/ok/offer/shelkovo-park/#5-стоимость-услуг-работ-и-порядок-расчетов",
      },
      {
        "excerpt": "5. Стоимость услуг (работ) и порядок расчетов: 5.6. Оплата водопотребления является самостоятельной частью платежа. Оплата производится по тарифу, действующему на момент оплаты (Распоряжение Комитета по ценам и тарифам Московской области № 372-Р от 19.12.2025 года) и составляет",
        "highlights": [
          "тарифу,",
          "тарифам",
        ],
        "section": "База знаний",
        "title": "Публичная оферта - Шелково Ривер",
        "url": "/kb/ok/offer/shelkovo-river/#5-стоимость-услуг-работ-и-порядок-расчетов",
      },
      {
        "excerpt": "5. Стоимость услуг (работ) и порядок расчетов: 5.6. Оплата водопотребления является самостоятельной частью платежа. Оплата производится по тарифу, действующему на момент оплаты (Распоряжение Комитета по ценам и тарифам Московской области № 372-Р от 19.12.2025 года) и составляет",
        "highlights": [
          "тарифу,",
          "тарифам",
        ],
        "section": "База знаний",
        "title": "Публичная оферта - Шелково Вилладж (VIP - лит G и F)",
        "url": "/kb/ok/offer/shelkovo-village-vip-lit-g-f/#5-стоимость-услуг-работ-и-порядок-расчетов",
      },
    ],
    "total": 9,
  },
  {
    "query": "калькулятор тарифа",
    "results": [
      {
        "excerpt": "Разделы сметы. В строках главным числом показан вклад в тариф. Годовые суммы оставлены в деталях и источниках, чтобы можно было свериться с PDF.",
        "highlights": [
          "тариф.",
        ],
        "section": "Регламент",
        "title": "Калькулятор тарифа по смете 2026",
        "url": "/815/regulation/#estimate-sections-title",
      },
      {
        "excerpt": "Юрий Кизилов в 01:15:26: при тарифе. Вот важный момент, уважаемые собственники. Нет задачи верить. Я просто расскажу, потому что я этой цифрой владею. Но вы мне по-любому сегодня не поверите. Так вот, смотрите. Тариф",
        "highlights": [
          "тарифе.",
          "Тариф",
        ],
        "section": "Встречи",
        "title": "Встреча жителей Шелково с ОК Комфорт",
        "url": "/meetings/2026-02-21-ok/#t-01-15-26",
      },
    ],
    "total": 2,
  },
  {
    "query": "815 рублей за сотку",
    "results": [
      {
        "excerpt": "Приложение № 2: Правила проведения строительно-монтажных работ на территории коттеджного поселка: — по запросу. ЗИЛ — 5301 «Бычок» — по запросу. Самосвал — по запросу. Манипулятор — по запросу. Эвакуатор — по запросу. Бетононасос — по запросу. Кран — по запросу.",
        "highlights": [
          "запросу.",
        ],
        "section": "База знаний",
        "title": "Публичная оферта - Шелково Парк",
        "url": "/kb/ok/offer/shelkovo-park/#приложение-2-правила-проведения-строительно-монтажных-работ-на-территории-коттеджного-поселка",
      },
      {
        "excerpt": "Приложение № 2: Правила проведения строительно-монтажных работ на территории коттеджного поселка: — по запросу. ЗИЛ — 5301 «Бычок» — по запросу. Самосвал — по запросу. Манипулятор — по запросу. Эвакуатор — по запросу. Бетононасос — по запросу. Кран — по запросу.",
        "highlights": [
          "запросу.",
        ],
        "section": "База знаний",
        "title": "Публичная оферта - Шелково Ривер",
        "url": "/kb/ok/offer/shelkovo-river/#приложение-2-правила-проведения-строительно-монтажных-работ-на-территории-коттеджного-поселка",
      },
      {
        "excerpt": "Приложение № 2: Правила проведения строительно-монтажных работ на территории коттеджного поселка: — по запросу. ЗИЛ — 5301 «Бычок» — по запросу. Самосвал — по запросу. Манипулятор — по запросу. Эвакуатор — по запросу. Бетононасос — по запросу. Кран — по запросу.",
        "highlights": [
          "запросу.",
        ],
        "section": "База знаний",
        "title": "Публичная оферта - Шелково Вилладж",
        "url": "/kb/ok/offer/shelkovo-village/#приложение-2-правила-проведения-строительно-монтажных-работ-на-территории-коттеджного-поселка",
      },
      {
        "excerpt": "Приложение № 2: Правила проведения строительно-монтажных работ на территории коттеджного поселка: — по запросу. ЗИЛ — 5301 «Бычок» — по запросу. Самосвал — по запросу. Манипулятор — по запросу. Эвакуатор — по запросу. Бетононасос — по запросу. Кран — по запросу.",
        "highlights": [
          "запросу.",
        ],
        "section": "База знаний",
        "title": "Публичная оферта - Шелково Форест (VIP - лит V)",
        "url": "/kb/ok/offer/shelkovo-forest-vip-lit-v/#приложение-2-правила-проведения-строительно-монтажных-работ-на-территории-коттеджного-поселка",
      },
      {
        "excerpt": "Приложение № 2: Правила проведения строительно-монтажных работ на территории коттеджного поселка: — по запросу. ЗИЛ — 5301 «Бычок» — по запросу. Самосвал — по запросу. Манипулятор — по запросу. Эвакуатор — по запросу. Бетононасос — по запросу. Кран — по запросу.",
        "highlights": [
          "запросу.",
        ],
        "section": "База знаний",
        "title": "Публичная оферта - Шелково Вилладж (VIP - лит G и F)",
        "url": "/kb/ok/offer/shelkovo-village-vip-lit-g-f/#приложение-2-правила-проведения-строительно-монтажных-работ-на-территории-коттеджного-поселка",
      },
      {
        "excerpt": "Приложение № 2: Правила проведения строительно-монтажных работ на территории коттеджного поселка: — по запросу. ЗИЛ — 5301 «Бычок» — по запросу. Самосвал — по запросу. Манипулятор — по запросу. Эвакуатор — по запросу. Бетононасос — по запросу. Кран — по запросу.",
        "highlights": [
          "запросу.",
        ],
        "section": "База знаний",
        "title": "Публичная оферта - Шелково Форест",
        "url": "/kb/ok/offer/shelkovo-forest/#приложение-2-правила-проведения-строительно-монтажных-работ-на-территории-коттеджного-поселка",
      },
    ],
    "total": 6,
  },
  {
    "query": "что входит в тариф 815",
    "results": [
      {
        "excerpt": "Обслуживание не соответствует даже прежнему тарифу: соответствует даже прежнему тарифу. После покупки нам дали полгода каникул от платежей за обслуживание. Мы занимались стройкой и почти не думали об эксплуатации поселка. Первые платежи составляли около 500 ₽",
        "highlights": [
          "тарифу.",
        ],
        "section": "Отзывы",
        "title": "Почему я не рекомендую покупать участок в Шелково",
        "url": "/reviews/2026-08-10-why-i-do-not-recommend-shelkovo/#обслуживание-не-соответствует-даже-прежнему-тарифу",
      },
      {
        "excerpt": "Дом, природа и закаты — то, что здесь действительно прекрасно: закаты — то, что здесь действительно прекрасно. Начну с хорошего, потому что оно настоящее. У меня получился реально топовый дом. Я очень удачно расположил его на участке, правильно поймал инсоляцию",
        "highlights": [
          "что",
        ],
        "section": "Отзывы",
        "title": "Честный опыт жителя Shelkovo Park",
        "url": "/reviews/2026-08-13-shelkovo-eco-club-otzyv-zhitelya-shelkovo-park/#дом-природа-и-закаты-то-что-здесь-действительно-прекрасно",
      },
      {
        "excerpt": "Юрий Кизилов в 00:26:20: сюда приехали из Москвы. Сейчас. Или пару дней назад. Вы же видели, что снег одинаково выпадал, что здесь, что там. Но в Москве сейчас тоже транспортные коллапсы. Люди физически не",
        "highlights": [
          "что",
        ],
        "section": "Встречи",
        "title": "Встреча жителей Шелково с ОК Комфорт",
        "url": "/meetings/2026-02-21-ok/#t-00-26-20",
      },
      {
        "excerpt": "Приложение № 4: Технические Условия по устройству ограждения участка в КП «Shelkovo Forest»: 2500 мм. (не входит в общую стоимость по договору, устанавливаются на усмотрение собственника). Колпак кирпичного столба полимер песчаный, производитель «TETTO» 380 мм x 380 мм, RAL 8017. (не входит в",
        "highlights": [
          "входит",
        ],
        "section": "База знаний",
        "title": "Публичная оферта - Шелково Форест",
        "url": "/kb/ok/offer/shelkovo-forest/#приложение-4-технические-условия-по-устройству-ограждения-участка-в-кп-shelkovo-forest",
      },
      {
        "excerpt": "5. Стоимость услуг (работ) и порядок расчетов: 5.6. Оплата водопотребления является самостоятельной частью платежа. Оплата производится по тарифу, действующему на момент оплаты (Распоряжение Комитета по ценам и тарифам Московской области № 372-Р от 19.12.2025 года) и составляет",
        "highlights": [
          "тарифу,",
          "тарифам",
        ],
        "section": "База знаний",
        "title": "Публичная оферта - Шелково Вилладж",
        "url": "/kb/ok/offer/shelkovo-village/#5-стоимость-услуг-работ-и-порядок-расчетов",
      },
      {
        "excerpt": "5. Стоимость услуг (работ) и порядок расчетов: 5.6. Оплата водопотребления является самостоятельной частью платежа. Оплата производится по тарифу, действующему на момент оплаты (Распоряжение Комитета по ценам и тарифам Московской области № 372-Р от 19.12.2025 года) и составляет",
        "highlights": [
          "тарифу,",
          "тарифам",
        ],
        "section": "База знаний",
        "title": "Публичная оферта - Шелково Парк",
        "url": "/kb/ok/offer/shelkovo-park/#5-стоимость-услуг-работ-и-порядок-расчетов",
      },
      {
        "excerpt": "5. Стоимость услуг (работ) и порядок расчетов: 5.6. Оплата водопотребления является самостоятельной частью платежа. Оплата производится по тарифу, действующему на момент оплаты (Распоряжение Комитета по ценам и тарифам Московской области № 372-Р от 19.12.2025 года) и составляет",
        "highlights": [
          "тарифу,",
          "тарифам",
        ],
        "section": "База знаний",
        "title": "Публичная оферта - Шелково Ривер",
        "url": "/kb/ok/offer/shelkovo-river/#5-стоимость-услуг-работ-и-порядок-расчетов",
      },
      {
        "excerpt": "5. Стоимость услуг (работ) и порядок расчетов: 5.6. Оплата водопотребления является самостоятельной частью платежа. Оплата производится по тарифу, действующему на момент оплаты (Распоряжение Комитета по ценам и тарифам Московской области № 372-Р от 19.12.2025 года) и составляет",
        "highlights": [
          "тарифу,",
          "тарифам",
        ],
        "section": "База знаний",
        "title": "Публичная оферта - Шелково Вилладж (VIP - лит G и F)",
        "url": "/kb/ok/offer/shelkovo-village-vip-lit-g-f/#5-стоимость-услуг-работ-и-порядок-расчетов",
      },
    ],
    "total": 9,
  },
]
`;
